MulSumReg__parameterized71: PhasorAnalyzer__GC0, 
Reg2D__parameterized14: FIRFilter__GBM4, 
datapath__94: PhasorAnalyzer__GC0, 
reg__19: LOMixer__GU, LOMixer__1__GU, 
MulSumReg__parameterized33: FIRFilter__GBM3, 
Timer__parameterized0: ADCQuadDemodSerial__GC0, 
Reg2D__parameterized45: FIRFilter__GBM1, 
MulSumReg__parameterized12: FIRFilter__GBM4, 
MulSumReg__parameterized1: FIRFilter__GBM4, 
datapath__38: FIRFilter__GBM3, 
ila_qd: ADCQuadDemodSerial__GC0, 
PulseGenerator__parameterized1: ADCQuadDemodSerial__GC0, 
Reg2D__parameterized58: FIRFilter__GBM0, 
PulseGenerator__parameterized0: ADCQuadDemodSerial__GC0, 
datapath__63: FIRFilter__GBM0, 
MulSumReg__parameterized62: PhasorAnalyzer__GC0, 
MulSumReg__parameterized64: PhasorAnalyzer__GC0, 
datapath__84: FIRFilterLP2f63tap__GC0, 
datapath__13: FIRFilter__GBM4, 
datapath__16: FIRFilter__GBM4, 
datapath__115: ADCQuadDemodSerial__GC0, 
case__15: ADCQuadDemodSerial__GC0, LOMixer__GU, LOMixer__1__GU, 
Reg1D__parameterized7: FIRFilterLP63tap__GC0, 
MulSumReg__parameterized3: FIRFilter__GBM4, 
Reg2D__parameterized22: FIRFilter__GBM2, 
MulSumReg__parameterized37: FIRFilter__GBM2, 
Reg2D__parameterized11: PhasorAnalyzer__GC0, FIRFilter__GBM4, 
Multiplier: PhasorAnalyzer__GC0, FIRFilter__GBM4, FIRFilter__GBM3, FIRFilter__GBM2, FIRFilter__GBM1, FIRFilter__GBM0, 
Reg2D__parameterized9: PhasorAnalyzer__GC0, FIRFilter__GBM4, 
datapath__73: PhasorAnalyzer__GC0, FIRFilterLP63tap__parameterized0__GC0, FIRFilterLP2f63tap__GC0, FIRFilterLP63tap__GC0, 
Reg1D__parameterized6: PhasorAnalyzer__GC0, FIRFilterLP63tap__parameterized0__GC0, FIRFilterLP2f63tap__GC0, FIRFilterLP63tap__GC0, 
MulSumReg__parameterized57: FIRFilter__GBM0, 
reg__20: ADCQuadDemodSerial__GC0, LOMixer__GU, FIRFilterLP2f63tap__GC0, LOMixer__1__GU, 
MulSumReg__parameterized60: FIRFilter__GBM0, 
case: SimpleMMCM2, 
FIRFilterLP63tap__GC0: FIRFilterLP63tap__GC0, 
Reg2D__parameterized52: FIRFilter__GBM0, 
logic__61: LOMixer__GU, LOMixer__1__GU, 
Reg2D__parameterized2: PhasorAnalyzer__GC0, FIRFilter__GBM4, 
case__43: PhasorAnalyzer__GC0, 
MulSumReg__parameterized28: FIRFilter__GBM3, 
ADCQuadDemodSerial__GC0: ADCQuadDemodSerial__GC0, 
datapath__105: PhasorAnalyzer__GC0, 
Reg2D__parameterized46: FIRFilter__GBM0, 
rom: PhasorAnalyzer__GC0, 
Reg2D__parameterized0: PhasorAnalyzer__GC0, FIRFilter__GBM4, 
MulSumReg__parameterized38: FIRFilter__GBM2, 
reg__5: ADCQuadDemodSerial__GC0, 
MulSumReg__parameterized73: PhasorAnalyzer__GC0, 
case__23: PhasorAnalyzer__GC0, FIRFilterLP63tap__parameterized0__GC0, FIRFilterLP2f63tap__GC0, FIRFilterLP63tap__GC0, 
Reg2D__parameterized40: FIRFilter__GBM2, 
datapath__5: ADCQuadDemodSerial__GC0, 
datapath__42: FIRFilter__GBM3, 
IntegerDensityModulator__parameterized2: PhasorAnalyzer__GC0, 
Reg1D__parameterized3: PhasorAnalyzer__GC0, FIRFilter__GBM4, 
datapath__95: PhasorAnalyzer__GC0, 
MulSumReg__parameterized35: FIRFilter__GBM3, 
case__60: ADCQuadDemodSerial__GC0, 
datapath__72: PhasorAnalyzer__GC0, FIRFilterLP63tap__parameterized0__GC0, FIRFilterLP2f63tap__GC0, FIRFilterLP63tap__GC0, 
MulSumReg__parameterized67: PhasorAnalyzer__GC0, 
Reg2D__parameterized18: FIRFilter__GBM4, 
MulSumReg__parameterized55: FIRFilter__GBM0, 
case__17: PhasorAnalyzer__GC0, FIRFilter__GBM4, 
reg__15: PhasorAnalyzer__GC0, FIRFilterLP63tap__parameterized0__GC0, FIRFilterLP2f63tap__GC0, FIRFilterLP63tap__GC0, 
Timer: ADCQuadDemodSerial__GC0, 
case__42: PhasorAnalyzer__GC0, 
Reg2D__parameterized13: FIRFilter__GBM4, 
datapath__47: FIRFilter__GBM2, 
logic__8: ADCQuadDemodSerial__GC0, 
datapath__113: FIRFilterLP63tap__parameterized0__GC0, 
MulSumReg__parameterized20: FIRFilter__GBM4, 
reg__18: LOMixer__GU, LOMixer__1__GU, 
MulSumReg__parameterized51: FIRFilter__GBM0, 
case__31: LOMixer__GU, LOMixer__1__GU, 
case__6: ADCQuadDemodSerial__GC0, PhasorAnalyzer__GC0, 
reg__1: ADCQuadDemodSerial__GC0, 
case__36: FIRFilterLP2f63tap__GC0, 
MulSumReg__parameterized53: FIRFilter__GBM0, 
case__2: ADCQuadDemodSerial__GC0, 
keep__7: ADCQuadDemodSerial__GC0, 
datapath__45: FIRFilter__GBM3, 
logic__107: ADCQuadDemodSerial__GC0, 
datapath__75: FIRFilterLP63tap__GC0, 
MulSumReg__parameterized2: FIRFilter__GBM4, 
logic__110: ADCQuadDemodSerial__GC0, 
FIRFilter__GBM1: FIRFilter__GBM1, 
IntegerDensityModulator__parameterized1: FIRFilterLP2f63tap__GC0, 
MulSumReg__parameterized46: FIRFilter__GBM1, 
datapath__12: FIRFilter__GBM4, 
reg__8: ADCQuadDemodSerial__GC0, LOMixer__GU, LOMixer__1__GU, 
Reg2D__parameterized43: FIRFilter__GBM1, 
datapath__107: PhasorAnalyzer__GC0, 
datapath__81: LOMixer__GU, LOMixer__1__GU, 
MulSumReg__parameterized75: PhasorAnalyzer__GC0, 
case__32: LOMixer__GU, LOMixer__1__GU, 
datapath__77: FIRFilterLP63tap__GC0, 
Reg2D__parameterized30: FIRFilter__GBM3, 
MulSumReg__parameterized22: FIRFilter__GBM4, 
MulSumReg__parameterized45: FIRFilter__GBM1, 
Angle4Bit: PhasorAnalyzer__GC0, 
datapath__50: FIRFilter__GBM2, 
BitWidthCoupler__parameterized0: FIRFilterLP63tap__GC0, 
datapath__78: FIRFilterLP63tap__GC0, 
datapath__7: ADCQuadDemodSerial__GC0, LOMixer__GU, LOMixer__1__GU, 
Reg2D__parameterized21: FIRFilter__GBM4, 
case__33: ADCQuadDemodSerial__GC0, LOMixer__GU, FIRFilterLP2f63tap__GC0, LOMixer__1__GU, 
reg__6: ADCQuadDemodSerial__GC0, PhasorAnalyzer__GC0, FIRFilterLP2f63tap__GC0, FIRFilter__GBM4, FIRFilter__GBM3, FIRFilter__GBM2, FIRFilter__GBM1, FIRFilter__GBM0, 
logic__72: FIRFilterLP2f63tap__GC0, 
Reg2D__parameterized60: FIRFilter__GBM4, 
Reg2D__parameterized28: FIRFilter__GBM3, 
Reg2D__parameterized47: FIRFilter__GBM0, 
MulSumReg__parameterized42: FIRFilter__GBM1, 
Reg2D: PhasorAnalyzer__GC0, FIRFilter__GBM4, 
datapath__112: FIRFilterLP63tap__parameterized0__GC0, 
BitWidthCoupler: FIRFilterLP63tap__GC0, 
datapath__53: FIRFilter__GBM1, 
datapath__60: FIRFilter__GBM0, 
logic__97: PhasorAnalyzer__GC0, 
MulSumReg__parameterized69: PhasorAnalyzer__GC0, 
datapath__90: PhasorAnalyzer__GC0, 
BitWidthCoupler__parameterized7: FIRFilterLP63tap__parameterized0__GC0, 
Reg2D__parameterized5: PhasorAnalyzer__GC0, FIRFilter__GBM4, 
case__41: PhasorAnalyzer__GC0, 
datapath__109: PhasorAnalyzer__GC0, 
Reg2D__parameterized33: FIRFilter__GBM3, 
logic__101: ADCQuadDemodSerial__GC0, 
MulSumReg__parameterized43: FIRFilter__GBM1, 
MulSumReg__parameterized8: FIRFilter__GBM4, 
logic__17: ADCQuadDemodSerial__GC0, 
BitWidthCoupler__parameterized6: PhasorAnalyzer__GC0, 
datapath__27: FIRFilter__GBM4, 
case__7: ADCQuadDemodSerial__GC0, 
Reg2D__parameterized34: FIRFilter__GBM3, 
MulSumReg__parameterized24: FIRFilter__GBM2, 
datapath__66: FIRFilter__GBM0, 
FIRFilter__GBM2: FIRFilter__GBM2, 
datapath__85: FIRFilterLP2f63tap__GC0, 
datapath__87: FIRFilterLP2f63tap__GC0, 
logic__32: ADCQuadDemodSerial__GC0, 
datapath__1: ADCQuadDemodSerial__GC0, 
MulSumReg__parameterized11: FIRFilter__GBM4, 
logic__111: ADCQuadDemodSerial__GC0, 
Reg2D__parameterized19: FIRFilter__GBM4, 
keep__3: ADCQuadDemodSerial__GC0, 
keep: ADCQuadDemodSerial__GC0, 
MulSumReg__parameterized17: FIRFilter__GBM4, 
FIRFilter__parameterized0: PhasorAnalyzer__GC0, 
case__30: LOMixer__GU, LOMixer__1__GU, 
BitWidthCoupler__parameterized4: PhasorAnalyzer__GC0, 
datapath__19: FIRFilter__GBM4, 
case__52: ADCQuadDemodSerial__GC0, 
MulSumReg__parameterized76: PhasorAnalyzer__GC0, 
datapath__97: PhasorAnalyzer__GC0, 
logic__31: ADCQuadDemodSerial__GC0, 
datapath__102: PhasorAnalyzer__GC0, 
Reg2D__parameterized54: FIRFilter__GBM0, 
Reg2D__parameterized42: FIRFilter__GBM1, 
datapath__56: FIRFilter__GBM1, 
datapath__59: FIRFilter__GBM0, 
datapath__117: ADCQuadDemodSerial__GC0, 
MulSumReg__parameterized0: FIRFilter__GBM4, 
case__13: ADCQuadDemodSerial__GC0, LOMixer__GU, LOMixer__1__GU, 
datapath__61: FIRFilter__GBM0, 
BitWidthCoupler__parameterized1: FIRFilterLP2f63tap__GC0, 
BitWidthCoupler__parameterized3: PhasorAnalyzer__GC0, 
datapath__55: FIRFilter__GBM1, 
case__21: PhasorAnalyzer__GC0, FIRFilter__GBM4, FIRFilter__GBM3, FIRFilter__GBM2, FIRFilter__GBM1, FIRFilter__GBM0, 
datapath__11: FIRFilter__GBM4, 
DifferenceAccumulator: FIRFilterLP63tap__GC0, 
Timer__parameterized2: PhasorAnalyzer__GC0, FIRFilterLP63tap__parameterized0__GC0, FIRFilterLP2f63tap__GC0, FIRFilterLP63tap__GC0, 
reg__7: ADCQuadDemodSerial__GC0, LOMixer__GU, LOMixer__1__GU, 
datapath__36: FIRFilter__GBM1, 
Reg2D__parameterized6: PhasorAnalyzer__GC0, FIRFilter__GBM4, 
DifferenceAccumulator__parameterized1: FIRFilterLP2f63tap__GC0, 
MulSumReg__parameterized13: FIRFilter__GBM4, 
case__40: PhasorAnalyzer__GC0, 
DifferenceAccumulator__parameterized0: FIRFilterLP2f63tap__GC0, 
logic__23: ADCQuadDemodSerial__GC0, LOMixer__GU, LOMixer__1__GU, 
MulSumReg__parameterized15: FIRFilter__GBM4, 
datapath: ADCQuadDemodSerial__GC0, 
Synchronizer: SimpleMMCM2, 
MulSumReg: FIRFilter__GBM4, 
MulSumReg__parameterized7: FIRFilter__GBM4, 
keep__2: ADCQuadDemodSerial__GC0, 
reg__13: PhasorAnalyzer__GC0, FIRFilter__GBM4, FIRFilter__GBM3, FIRFilter__GBM2, FIRFilter__GBM1, FIRFilter__GBM0, 
MulSumReg__parameterized30: FIRFilter__GBM3, 
datapath__24: FIRFilter__GBM4, 
datapath__58: FIRFilter__GBM0, 
case__25: PhasorAnalyzer__GC0, FIRFilterLP63tap__parameterized0__GC0, FIRFilterLP2f63tap__GC0, FIRFilterLP63tap__GC0, 
datapath__71: FIRFilter__GBM4, 
datapath__98: PhasorAnalyzer__GC0, 
MulSumReg__parameterized65: PhasorAnalyzer__GC0, 
Reg2D__parameterized31: FIRFilter__GBM3, 
datapath__65: FIRFilter__GBM0, 
case__26: PhasorAnalyzer__GC0, FIRFilterLP63tap__parameterized0__GC0, FIRFilterLP2f63tap__GC0, FIRFilterLP63tap__GC0, 
case__19: FIRFilterLP63tap__parameterized0__GC0, FIRFilterLP2f63tap__GC0, FIRFilterLP63tap__GC0, FIRFilter__GBM4, FIRFilter__GBM3, FIRFilter__GBM2, FIRFilter__GBM1, FIRFilter__GBM0, 
datapath__68: FIRFilter__GBM0, 
FIRFilter__GBM0: FIRFilter__GBM0, 
MulSumReg__parameterized61: FIRFilter__GBM4, 
IntegerDensityModulator__parameterized0: FIRFilterLP2f63tap__GC0, 
Reg2D__parameterized39: FIRFilter__GBM2, 
datapath__67: FIRFilter__GBM0, 
case__48: ADCQuadDemodSerial__GC0, 
Reg2D__parameterized3: PhasorAnalyzer__GC0, FIRFilter__GBM4, 
MulSumReg__parameterized34: FIRFilter__GBM3, 
Reg2D__parameterized56: FIRFilter__GBM0, 
datapath__62: FIRFilter__GBM0, 
Timer__parameterized1: ADCQuadDemodSerial__GC0, LOMixer__GU, LOMixer__1__GU, 
MulSumReg__parameterized27: FIRFilter__GBM3, 
logic__78: PhasorAnalyzer__GC0, 
Reg1D__parameterized9: FIRFilterLP2f63tap__GC0, 
datapath__6: ADCQuadDemodSerial__GC0, LOMixer__GU, LOMixer__1__GU, 
MulSumReg__parameterized63: PhasorAnalyzer__GC0, 
logic__62: LOMixer__GU, LOMixer__1__GU, 
datapath__46: FIRFilter__GBM3, 
case__35: LOMixer__GU, LOMixer__1__GU, 
Reg2D__parameterized36: FIRFilter__GBM2, 
Reg2D__parameterized1: PhasorAnalyzer__GC0, FIRFilter__GBM4, 
Reg2D__parameterized53: FIRFilter__GBM0, 
logic__87: PhasorAnalyzer__GC0, 
datapath__86: FIRFilterLP2f63tap__GC0, 
ADC1Bit: ADCQuadDemodSerial__GC0, 
case__8: ADCQuadDemodSerial__GC0, 
logic__58: FIRFilterLP63tap__GC0, 
datapath__49: FIRFilter__GBM2, 
logic__98: ADCQuadDemodSerial__GC0, 
Timer__parameterized3: ADCQuadDemodSerial__GC0, 
Reg2D__parameterized10: PhasorAnalyzer__GC0, FIRFilter__GBM4, 
Reg2D__parameterized20: FIRFilter__GBM4, 
Reg1D__parameterized0: ADCQuadDemodSerial__GC0, PhasorAnalyzer__GC0, 
PhasorAnalyzer__GC0: PhasorAnalyzer__GC0, 
Reg2D__parameterized27: FIRFilter__GBM3, 
MulSumReg__parameterized56: FIRFilter__GBM0, 
datapath__89: FIRFilterLP2f63tap__GC0, 
logic__22: ADCQuadDemodSerial__GC0, 
MulSumReg__parameterized5: FIRFilter__GBM4, 
datapath__74: PhasorAnalyzer__GC0, FIRFilterLP63tap__parameterized0__GC0, FIRFilterLP2f63tap__GC0, FIRFilterLP63tap__GC0, 
DifferenceAccumulator__parameterized2: PhasorAnalyzer__GC0, 
MulSumReg__parameterized74: PhasorAnalyzer__GC0, 
datapath__17: FIRFilter__GBM4, 
reg__25: ADCQuadDemodSerial__GC0, 
Reg2D__parameterized51: FIRFilter__GBM0, 
MulSumReg__parameterized58: FIRFilter__GBM0, 
reg__26: ADCQuadDemodSerial__GC0, 
Reg1D__parameterized11: PhasorAnalyzer__GC0, 
logic__26: ADCQuadDemodSerial__GC0, LOMixer__GU, LOMixer__1__GU, 
reg__23: PhasorAnalyzer__GC0, 
datapath__10: FIRFilter__GBM4, 
datapath__96: PhasorAnalyzer__GC0, 
MulSumReg__parameterized10: FIRFilter__GBM4, 
case__28: FIRFilterLP63tap__GC0, 
MulSumReg__parameterized29: FIRFilter__GBM3, 
Reg2D__parameterized55: FIRFilter__GBM0, 
datapath__35: FIRFilter__GBM2, 
reg__17: FIRFilterLP63tap__GC0, 
PulseGenerator: ADCQuadDemodSerial__GC0, 
case__5: ADCQuadDemodSerial__GC0, PhasorAnalyzer__GC0, 
MulSumReg__parameterized59: FIRFilter__GBM0, 
PulseGenerator__parameterized3: ADCQuadDemodSerial__GC0, 
MulSumReg__parameterized70: PhasorAnalyzer__GC0, 
Reg2D__parameterized4: PhasorAnalyzer__GC0, FIRFilter__GBM4, 
datapath__43: FIRFilter__GBM3, 
datapath__101: PhasorAnalyzer__GC0, 
datapath__21: FIRFilter__GBM4, 
IntegerDensityModulator: FIRFilterLP63tap__GC0, 
logic__45: PhasorAnalyzer__GC0, FIRFilterLP63tap__parameterized0__GC0, FIRFilterLP2f63tap__GC0, FIRFilterLP63tap__GC0, 
case__4: ADCQuadDemodSerial__GC0, 
reg__16: PhasorAnalyzer__GC0, FIRFilterLP63tap__parameterized0__GC0, FIRFilterLP2f63tap__GC0, FIRFilterLP63tap__GC0, 
case__27: FIRFilterLP63tap__GC0, 
logic__14: ADCQuadDemodSerial__GC0, 
reg__9: ADCQuadDemodSerial__GC0, LOMixer__GU, LOMixer__1__GU, 
Reg1D__parameterized5: PhasorAnalyzer__GC0, FIRFilter__GBM4, FIRFilter__GBM3, FIRFilter__GBM2, FIRFilter__GBM1, FIRFilter__GBM0, 
datapath__118: ADCQuadDemodSerial__GC0, 
datapath__106: PhasorAnalyzer__GC0, 
Reg1D: SimpleMMCM2, 
datapath__44: FIRFilter__GBM3, 
MulSumReg__parameterized36: FIRFilter__GBM3, 
IntegerDensityModulator__parameterized3: FIRFilterLP63tap__parameterized0__GC0, 
Reg1D__parameterized13: ADCQuadDemodSerial__GC0, 
logic__13: ADCQuadDemodSerial__GC0, 
datapath__39: FIRFilter__GBM3, 
MulSumReg__parameterized72: PhasorAnalyzer__GC0, 
datapath__34: FIRFilter__GBM2, 
Reg2D__parameterized7: PhasorAnalyzer__GC0, FIRFilter__GBM4, 
case__20: FIRFilterLP63tap__parameterized0__GC0, FIRFilterLP2f63tap__GC0, FIRFilterLP63tap__GC0, FIRFilter__GBM4, FIRFilter__GBM3, FIRFilter__GBM2, FIRFilter__GBM1, FIRFilter__GBM0, 
datapath__103: PhasorAnalyzer__GC0, 
keep__6: ADCQuadDemodSerial__GC0, 
datapath__23: FIRFilter__GBM4, 
datapath__80: LOMixer__GU, LOMixer__1__GU, 
Reg2D__parameterized24: FIRFilter__GBM2, 
Reg2D__parameterized59: FIRFilter__GBM0, 
Reg1D__parameterized12: FIRFilterLP63tap__parameterized0__GC0, 
datapath__14: FIRFilter__GBM4, 
SerialTx: ADCQuadDemodSerial__GC0, 
datapath__3: ADCQuadDemodSerial__GC0, 
MulSumReg__parameterized68: PhasorAnalyzer__GC0, 
datapath__91: PhasorAnalyzer__GC0, 
ShiftRightReg: FIRFilterLP63tap__GC0, 
case__14: ADCQuadDemodSerial__GC0, LOMixer__GU, LOMixer__1__GU, 
keep__4: ADCQuadDemodSerial__GC0, 
MulSumReg__parameterized6: FIRFilter__GBM4, 
reg__11: PhasorAnalyzer__GC0, FIRFilter__GBM4, 
datapath__48: FIRFilter__GBM2, 
MulSumReg__parameterized50: FIRFilter__GBM0, 
datapath__30: FIRFilter__GBM4, 
datapath__51: FIRFilter__GBM2, 
FIRFilterLP2f63tap__GC0: FIRFilterLP2f63tap__GC0, 
datapath__18: FIRFilter__GBM4, 
reg__3: ADCQuadDemodSerial__GC0, PhasorAnalyzer__GC0, 
Reg2D__parameterized44: FIRFilter__GBM1, 
datapath__88: FIRFilterLP2f63tap__GC0, 
ShiftRightReg__parameterized2: PhasorAnalyzer__GC0, 
datapath__110: FIRFilterLP63tap__parameterized0__GC0, 
reg__4: ADCQuadDemodSerial__GC0, 
datapath__79: LOMixer__GU, LOMixer__1__GU, 
ShiftRightReg__parameterized3: FIRFilterLP63tap__parameterized0__GC0, 
reg__10: ADCQuadDemodSerial__GC0, 
case__3: ADCQuadDemodSerial__GC0, 
Reg2D__parameterized17: FIRFilter__GBM4, 
reg__14: PhasorAnalyzer__GC0, FIRFilterLP63tap__parameterized0__GC0, FIRFilterLP2f63tap__GC0, FIRFilterLP63tap__GC0, 
Reg2D__parameterized38: FIRFilter__GBM2, 
MulSumReg__parameterized47: FIRFilter__GBM0, 
case__50: ADCQuadDemodSerial__GC0, 
SerialTxFSM: ADCQuadDemodSerial__GC0, 
datapath__93: PhasorAnalyzer__GC0, 
MulSumReg__parameterized40: FIRFilter__GBM2, 
dsp48e1: PhasorAnalyzer__GC0, FIRFilter__GBM4, FIRFilter__GBM3, FIRFilter__GBM2, FIRFilter__GBM1, FIRFilter__GBM0, 
MulSumReg__parameterized18: FIRFilter__GBM4, 
datapath__9: FIRFilter__GBM4, 
logic: SimpleMMCM2, 
LOMixer__GU: LOMixer__GU, 
MulSumReg__parameterized4: FIRFilter__GBM4, 
case__9: ADCQuadDemodSerial__GC0, 
case__45: FIRFilterLP63tap__parameterized0__GC0, 
ShiftRightReg__parameterized1: FIRFilterLP2f63tap__GC0, 
reg__12: FIRFilterLP63tap__parameterized0__GC0, FIRFilterLP2f63tap__GC0, FIRFilterLP63tap__GC0, FIRFilter__GBM4, FIRFilter__GBM3, FIRFilter__GBM2, FIRFilter__GBM1, FIRFilter__GBM0, 
SquareWaveGenerator: LOMixer__GU, LOMixer__1__GU, 
Reg2D__parameterized23: FIRFilter__GBM2, 
logic__75: FIRFilterLP2f63tap__GC0, 
datapath__116: ADCQuadDemodSerial__GC0, 
case__22: PhasorAnalyzer__GC0, FIRFilter__GBM4, FIRFilter__GBM3, FIRFilter__GBM2, FIRFilter__GBM1, FIRFilter__GBM0, 
case__34: ADCQuadDemodSerial__GC0, LOMixer__GU, FIRFilterLP2f63tap__GC0, LOMixer__1__GU, 
case__49: ADCQuadDemodSerial__GC0, 
datapath__111: FIRFilterLP63tap__parameterized0__GC0, 
case__12: ADCQuadDemodSerial__GC0, LOMixer__GU, LOMixer__1__GU, 
logic__102: ADCQuadDemodSerial__GC0, 
BitWidthCoupler__parameterized2: FIRFilterLP2f63tap__GC0, 
Reg1D__parameterized4: FIRFilterLP63tap__parameterized0__GC0, FIRFilterLP2f63tap__GC0, FIRFilterLP63tap__GC0, FIRFilter__GBM4, FIRFilter__GBM3, FIRFilter__GBM2, FIRFilter__GBM1, FIRFilter__GBM0, 
datapath__31: FIRFilter__GBM4, 
case__10: ADCQuadDemodSerial__GC0, PhasorAnalyzer__GC0, FIRFilterLP2f63tap__GC0, FIRFilter__GBM4, FIRFilter__GBM3, FIRFilter__GBM2, FIRFilter__GBM1, FIRFilter__GBM0, 
datapath__70: FIRFilter__GBM0, 
MulSumReg__parameterized49: FIRFilter__GBM0, 
Reg2D__parameterized37: FIRFilter__GBM2, 
datapath__82: FIRFilterLP2f63tap__GC0, 
Reg2D__parameterized16: FIRFilter__GBM4, 
case__16: ADCQuadDemodSerial__GC0, LOMixer__GU, LOMixer__1__GU, 
reg: SimpleMMCM2, 
Reg2D__parameterized8: PhasorAnalyzer__GC0, FIRFilter__GBM4, 
Reg1D__parameterized1: ADCQuadDemodSerial__GC0, PhasorAnalyzer__GC0, FIRFilterLP2f63tap__GC0, FIRFilter__GBM4, FIRFilter__GBM3, FIRFilter__GBM2, FIRFilter__GBM1, FIRFilter__GBM0, 
datapath__4: ADCQuadDemodSerial__GC0, 
case__37: FIRFilterLP2f63tap__GC0, 
MulSumReg__parameterized48: FIRFilter__GBM0, 
Reg2D__parameterized57: FIRFilter__GBM0, 
MulSumReg__parameterized26: FIRFilter__GBM1, 
ShiftRightReg__parameterized0: FIRFilterLP2f63tap__GC0, 
logic__53: PhasorAnalyzer__GC0, FIRFilterLP63tap__parameterized0__GC0, FIRFilterLP2f63tap__GC0, FIRFilterLP63tap__GC0, 
datapath__100: PhasorAnalyzer__GC0, 
datapath__52: FIRFilter__GBM1, 
FIRFilterLP15tap: PhasorAnalyzer__GC0, 
datapath__41: FIRFilter__GBM3, 
datapath__104: PhasorAnalyzer__GC0, 
datapath__54: FIRFilter__GBM1, 
Reg2D__parameterized50: FIRFilter__GBM0, 
case__53: ADCQuadDemodSerial__GC0, 
BitWidthCoupler__parameterized5: PhasorAnalyzer__GC0, FIRFilterLP63tap__parameterized0__GC0, 
case__64: ADCQuadDemodSerial__GC0, 
datapath__15: FIRFilter__GBM4, 
datapath__20: FIRFilter__GBM4, 
datapath__69: FIRFilter__GBM0, 
datapath__114: PhasorAnalyzer__GC0, 
case__24: PhasorAnalyzer__GC0, FIRFilterLP63tap__parameterized0__GC0, FIRFilterLP2f63tap__GC0, FIRFilterLP63tap__GC0, 
MulSumReg__parameterized44: FIRFilter__GBM1, 
Reg2D__parameterized29: FIRFilter__GBM3, 
Reg2D__parameterized26: FIRFilter__GBM3, 
case__1: SimpleMMCM2, 
MulSumReg__parameterized23: FIRFilter__GBM2, 
MulSumReg__parameterized39: FIRFilter__GBM2, 
datapath__25: FIRFilter__GBM4, 
Reg2D__parameterized15: FIRFilter__GBM4, 
datapath__8: ADCQuadDemodSerial__GC0, LOMixer__GU, LOMixer__1__GU, 
logic__94: FIRFilterLP63tap__parameterized0__GC0, 
datapath__22: FIRFilter__GBM4, 
FIRFilter__GBM3: FIRFilter__GBM3, 
MulSumReg__parameterized25: FIRFilter__GBM2, 
datapath__83: FIRFilterLP2f63tap__GC0, 
reg__21: FIRFilterLP2f63tap__GC0, 
Reg2D__parameterized48: FIRFilter__GBM0, 
Reg2D__parameterized32: FIRFilter__GBM3, 
datapath__64: FIRFilter__GBM0, 
logic__5: ADCQuadDemodSerial__GC0, 
FIRFilterLP63tap__parameterized0__GC0: FIRFilterLP63tap__parameterized0__GC0, 
MulSumReg__parameterized31: FIRFilter__GBM3, 
Reg2D__parameterized25: FIRFilter__GBM1, 
datapath__40: FIRFilter__GBM3, 
reg__27: ADCQuadDemodSerial__GC0, 
LOMixer: LOMixer__1__GU, 
MulSumReg__parameterized54: FIRFilter__GBM0, 
reg__24: FIRFilterLP63tap__parameterized0__GC0, 
datapath__29: FIRFilter__GBM4, 
datapath__57: FIRFilter__GBM0, 
MulSumReg__parameterized66: PhasorAnalyzer__GC0, 
case__51: ADCQuadDemodSerial__GC0, 
Reg2D__parameterized41: FIRFilter__GBM1, 
keep__5: ADCQuadDemodSerial__GC0, 
keep__1: ADCQuadDemodSerial__GC0, 
reg__2: ADCQuadDemodSerial__GC0, 
reg__22: PhasorAnalyzer__GC0, 
datapath__28: FIRFilter__GBM4, 
MulSumReg__parameterized21: FIRFilter__GBM4, 
datapath__26: FIRFilter__GBM4, 
MulSumReg__parameterized32: FIRFilter__GBM3, 
datapath__37: FIRFilter__GBM3, 
MulSumReg__parameterized9: FIRFilter__GBM4, 
datapath__33: FIRFilter__GBM2, 
datapath__92: PhasorAnalyzer__GC0, 
SimpleMMCM2: SimpleMMCM2, 
MulSumReg__parameterized19: FIRFilter__GBM4, 
MulSumReg__parameterized14: FIRFilter__GBM4, 
case__18: PhasorAnalyzer__GC0, FIRFilter__GBM4, 
FIRFilter__GBM4: FIRFilter__GBM4, 
Reg2D__parameterized49: FIRFilter__GBM0, 
MulSumReg__parameterized41: FIRFilter__GBM2, 
Reg1D__parameterized2: ADCQuadDemodSerial__GC0, LOMixer__GU, LOMixer__1__GU, 
Reg2D__parameterized35: FIRFilter__GBM3, 
logic__138: ADCQuadDemodSerial__GC0, 
Reg1D__parameterized10: PhasorAnalyzer__GC0, 
MulSumReg__parameterized16: FIRFilter__GBM4, 
datapath__108: PhasorAnalyzer__GC0, 
DifferenceAccumulator__parameterized3: FIRFilterLP63tap__parameterized0__GC0, 
datapath__76: FIRFilterLP63tap__GC0, 
case__62: ADCQuadDemodSerial__GC0, 
datapath__99: PhasorAnalyzer__GC0, 
logic__48: PhasorAnalyzer__GC0, FIRFilterLP63tap__parameterized0__GC0, FIRFilterLP2f63tap__GC0, FIRFilterLP63tap__GC0, 
logic__67: LOMixer__GU, LOMixer__1__GU, 
Reg2D__parameterized12: PhasorAnalyzer__GC0, FIRFilter__GBM4, 
MulSumReg__parameterized52: FIRFilter__GBM0, 
PulseGenerator__parameterized2: PhasorAnalyzer__GC0, FIRFilterLP63tap__parameterized0__GC0, FIRFilterLP2f63tap__GC0, FIRFilterLP63tap__GC0, 
datapath__2: ADCQuadDemodSerial__GC0, 
Reg1D__parameterized8: ADCQuadDemodSerial__GC0, LOMixer__GU, FIRFilterLP2f63tap__GC0, LOMixer__1__GU, 
case__11: ADCQuadDemodSerial__GC0, PhasorAnalyzer__GC0, FIRFilterLP2f63tap__GC0, FIRFilter__GBM4, FIRFilter__GBM3, FIRFilter__GBM2, FIRFilter__GBM1, FIRFilter__GBM0, 
case__46: FIRFilterLP63tap__parameterized0__GC0, 
datapath__32: FIRFilter__GBM4, 
