PhasorAnalyzer: PhasorAnalyzer__GC0, FIRFilterLP63tap__parameterized0__GC0, FIRFilter__GBM0, FIRFilter__GBM1, FIRFilter__GBM2, FIRFilter__GBM3, FIRFilter__GBM4, 
FIRFilter: FIRFilter__GBM4, FIRFilter__GBM3, FIRFilter__GBM2, FIRFilter__GBM1, FIRFilter__GBM0, 
LOMixerBaseband: FIRFilterLP2f63tap__GC0, FIRFilter__GBM0, FIRFilter__GBM1, FIRFilter__GBM2, FIRFilter__GBM3, FIRFilter__GBM4, LOMixer__1__GU, 
ADCQuadDemodSerial: ADCQuadDemodSerial__GC0, FIRFilter__GBM0, FIRFilter__GBM4, LOMixer__1__GU, FIRFilterLP2f63tap__GC0, FIRFilterLP63tap__parameterized0__GC0, FIRFilter__GBM1, FIRFilter__GBM3, LOMixer__GU, FIRFilter__GBM2, FIRFilterLP63tap__GC0, PhasorAnalyzer__GC0, 
FIRFilterLP63tap: FIRFilterLP63tap__GC0, FIRFilter__GBM4, FIRFilter__GBM3, FIRFilter__GBM2, FIRFilter__GBM1, FIRFilter__GBM0, 
FIRFilterLP63tap__parameterized0: FIRFilterLP63tap__parameterized0__GC0, FIRFilter__GBM0, FIRFilter__GBM1, FIRFilter__GBM2, FIRFilter__GBM3, FIRFilter__GBM4, 
FIRFilterLP2f63tap: FIRFilterLP2f63tap__GC0, FIRFilter__GBM0, FIRFilter__GBM1, FIRFilter__GBM2, FIRFilter__GBM3, FIRFilter__GBM4, 
LOMixerBaseband__parameterized0: FIRFilter__GBM4, FIRFilter__GBM3, FIRFilter__GBM2, FIRFilter__GBM1, FIRFilter__GBM0, FIRFilterLP2f63tap__GC0, LOMixer__GU, 
TestADCQuadDemodSerial: ADCQuadDemodSerial__GC0, FIRFilter__GBM0, FIRFilter__GBM4, FIRFilterLP63tap__parameterized0__GC0, LOMixer__1__GU, FIRFilterLP2f63tap__GC0, FIRFilter__GBM1, FIRFilter__GBM3, LOMixer__GU, FIRFilter__GBM2, FIRFilterLP63tap__GC0, PhasorAnalyzer__GC0, SimpleMMCM2, 
QuadratureDemodulator: FIRFilter__GBM4, FIRFilter__GBM0, LOMixer__1__GU, FIRFilterLP2f63tap__GC0, FIRFilterLP63tap__parameterized0__GC0, FIRFilter__GBM1, FIRFilter__GBM3, LOMixer__GU, FIRFilter__GBM2, PhasorAnalyzer__GC0, 
