/ADCQuadDemodSerial_module/QuadDemod/I/LP_filter/FIR/FIRFilter__parameterized0__GB3:2930299498
/ADCQuadDemodSerial_module/QuadDemod/Q/gen_Q.LO:1812365539
/ADCQuadDemodSerial_module/QuadDemod/Q/LP_filter/FIR/FIRFilter__parameterized0__GB0:933331920
/ADCQuadDemodSerial_module/QuadDemod/I/gen_I.LO:1559456454
/ADCQuadDemodSerial_module/QuadDemod/Q/LP_filter/FIR/FIRFilter__parameterized0__GB2:3652182780
/ADCQuadDemodSerial_module/ADCQuadDemodSerial__GC0:2374435044
/ADCQuadDemodSerial_module/QuadDemod/Q/LP_filter/FIR/FIRFilter__parameterized0__GB3:2930299498
/ADCQuadDemodSerial_module/QuadDemod/Q/LP_filter/FIR/FIRFilter__parameterized0__GB4:818694089
/ADCQuadDemodSerial_module/QuadDemod/I/LP_filter/FIR/FIRFilter__parameterized0__GB2:1654871108
/mmcm0:2226857249
/ADCQuadDemodSerial_module/QuadDemod/I/LP_filter/FIR/FIRFilter__parameterized0__GB1:1880554410
/ADCQuadDemodSerial_module/QuadDemod/I/LP_filter/FIR/FIRFilter__parameterized0__GB0:933331920
/ADCQuadDemodSerial_module/QuadDemod/Q/LP_filter/FIR/FIRFilter__parameterized0__GB1:1084666694
/ADCQuadDemodSerial_module/QuadDemod/I/LP_filter/FIR/FIRFilter__parameterized0__GB4:818694089
