TestADCQuadDemodSerial: LOMixer__1__GU, FIRFilter__parameterized0__GB0, FIRFilter__parameterized0__GB1, FIRFilter__parameterized0__GB3, SimpleMMCM2, FIRFilter__parameterized0__GB2, FIRFilterLP63tap__GC0, FIRFilter__parameterized0__GB4, LOMixer__GU, ADCQuadDemodSerial__GC0, 
ADCQuadDemodSerial: ADCQuadDemodSerial__GC0, LOMixer__GU, FIRFilterLP63tap__GC0, FIRFilter__parameterized0__GB4, FIRFilter__parameterized0__GB3, FIRFilter__parameterized0__GB2, FIRFilter__parameterized0__GB1, FIRFilter__parameterized0__GB0, LOMixer__1__GU, 
QuadratureDemodulator: LOMixer__GU, FIRFilterLP63tap__GC0, FIRFilter__parameterized0__GB4, FIRFilter__parameterized0__GB3, FIRFilter__parameterized0__GB2, FIRFilter__parameterized0__GB1, FIRFilter__parameterized0__GB0, LOMixer__1__GU, 
LOMixerBaseband__parameterized0: FIRFilter__parameterized0__GB0, FIRFilter__parameterized0__GB1, FIRFilter__parameterized0__GB2, FIRFilter__parameterized0__GB3, FIRFilter__parameterized0__GB4, FIRFilterLP63tap__GC0, LOMixer__GU, 
LOMixerBaseband: FIRFilterLP63tap__GC0, FIRFilter__parameterized0__GB4, FIRFilter__parameterized0__GB3, FIRFilter__parameterized0__GB2, FIRFilter__parameterized0__GB1, FIRFilter__parameterized0__GB0, LOMixer__1__GU, 
FIRFilterLP63tap: FIRFilterLP63tap__GC0, FIRFilter__parameterized0__GB4, FIRFilter__parameterized0__GB3, FIRFilter__parameterized0__GB2, FIRFilter__parameterized0__GB1, FIRFilter__parameterized0__GB0, 
FIRFilter__parameterized0: FIRFilter__parameterized0__GB4, FIRFilter__parameterized0__GB3, FIRFilter__parameterized0__GB2, FIRFilter__parameterized0__GB1, FIRFilter__parameterized0__GB0, 
