/ADCQuadDemodSerial_module/QuadDemod/Q/LP_filter/FIR/FIRFilter__GBM3:331512
/ADCQuadDemodSerial_module/QuadDemod/I/LP_filter/FIR/FIRFilter__GBM3:331512
/ADCQuadDemodSerial_module/LP_filter/FIR/FIRFilter__GBM2:1996635758
/ADCQuadDemodSerial_module/QuadDemod/I/LP_filter/FIR/FIRFilter__GBM2:1996635758
/ADCQuadDemodSerial_module/LP_filter/FIR/FIRFilter__GBM1:3993726932
/ADCQuadDemodSerial_module/QuadDemod/PhasorAnalyzer_module/angle_DER_filter/FIRFilterLP63tap__parameterized0__GC0:3104424235
/ADCQuadDemodSerial_module/QuadDemod/PhasorAnalyzer_module/angle_DER_filter/FIR/FIRFilter__GBM3:331512
/ADCQuadDemodSerial_module/QuadDemod/I/LP_filter/FIR/FIRFilter__GBM4:2657196891
/ADCQuadDemodSerial_module/QuadDemod/Q/LP_filter/FIR/FIRFilter__GBM2:1996635758
/mmcm0:2226857249
/ADCQuadDemodSerial_module/QuadDemod/I/gen_I.LO:1559456454
/ADCQuadDemodSerial_module/LP_filter/FIR/FIRFilter__GBM0:2567724866
/ADCQuadDemodSerial_module/QuadDemod/PhasorAnalyzer_module/angle_DER_filter/FIR/FIRFilter__GBM2:1996635758
/ADCQuadDemodSerial_module/QuadDemod/Q/LP_filter/FIR/FIRFilter__GBM0:2567724866
/ADCQuadDemodSerial_module/LP_filter/FIR/FIRFilter__GBM4:2657196891
/ADCQuadDemodSerial_module/QuadDemod/Q/LP_filter/FIR/FIRFilter__GBM1:3993726932
/ADCQuadDemodSerial_module/LP_filter/FIR/FIRFilter__GBM3:331512
/ADCQuadDemodSerial_module/QuadDemod/I/LP_filter/FIRFilterLP2f63tap__GC0:1601480479
/ADCQuadDemodSerial_module/QuadDemod/I/LP_filter/FIR/FIRFilter__GBM1:3993726932
/ADCQuadDemodSerial_module/QuadDemod/Q/LP_filter/FIRFilterLP2f63tap__GC0:1601480479
/ADCQuadDemodSerial_module/LP_filter/FIRFilterLP63tap__GC0:1382009782
/ADCQuadDemodSerial_module/QuadDemod/Q/gen_Q.LO:1812365539
/ADCQuadDemodSerial_module/QuadDemod/Q/LP_filter/FIR/FIRFilter__GBM4:2657196891
/ADCQuadDemodSerial_module/QuadDemod/I/LP_filter/FIR/FIRFilter__GBM0:2567724866
/ADCQuadDemodSerial_module/ADCQuadDemodSerial__GC0:2374435044
/ADCQuadDemodSerial_module/QuadDemod/PhasorAnalyzer_module/PhasorAnalyzer__GC0:3489304448
/ADCQuadDemodSerial_module/QuadDemod/PhasorAnalyzer_module/angle_DER_filter/FIR/FIRFilter__GBM1:3993726932
/ADCQuadDemodSerial_module/QuadDemod/PhasorAnalyzer_module/angle_DER_filter/FIR/FIRFilter__GBM4:2657196891
/ADCQuadDemodSerial_module/QuadDemod/PhasorAnalyzer_module/angle_DER_filter/FIR/FIRFilter__GBM0:2567724866
