MulSumReg__parameterized31: FIRFilter__parameterized0__GB4, 
dsp48e1__2: ADCQuadDemodSerial__GC0, 
datapath__7: ADCQuadDemodSerial__GC0, LOMixer__GU, LOMixer__1__GU, 
Reg2D__parameterized36: FIRFilter__parameterized0__GB2, 
logic__53: ADCQuadDemodSerial__GC0, 
Reg2D__parameterized30: FIRFilter__parameterized0__GB3, 
logic__74: ADCQuadDemodSerial__GC0, 
reg__7: ADCQuadDemodSerial__GC0, LOMixer__GU, LOMixer__1__GU, 
datapath__89: FIRFilter__parameterized0__GB0, 
Reg1DSymbols: ADCQuadDemodSerial__GC0, 
MulSumReg__parameterized35: FIRFilter__parameterized0__GB4, 
MulSumReg__parameterized1: ADCQuadDemodSerial__GC0, 
IntegerDensityModulator: ADCQuadDemodSerial__GC0, 
datapath__14: ADCQuadDemodSerial__GC0, 
MulSumReg__parameterized75: FIRFilter__parameterized0__GB0, 
datapath__75: FIRFilter__parameterized0__GB2, 
datapath__42: FIRFilter__parameterized0__GB4, 
datapath__12: ADCQuadDemodSerial__GC0, 
case__20: ADCQuadDemodSerial__GC0, 
datapath__8: ADCQuadDemodSerial__GC0, LOMixer__GU, LOMixer__1__GU, 
Multiplier__parameterized0: ADCQuadDemodSerial__GC0, 
MulSumReg__parameterized13: ADCQuadDemodSerial__GC0, 
case__17: ADCQuadDemodSerial__GC0, LOMixer__GU, FIRFilter__parameterized0__GB4, LOMixer__1__GU, 
MulSumReg__parameterized41: FIRFilter__parameterized0__GB1, 
ShiftRightReg__parameterized1: ADCQuadDemodSerial__GC0, 
Reg2D__parameterized16: FIRFilter__parameterized0__GB4, 
case__22: ADCQuadDemodSerial__GC0, FIRFilter__parameterized0__GB4, FIRFilter__parameterized0__GB3, FIRFilter__parameterized0__GB2, FIRFilter__parameterized0__GB1, FIRFilter__parameterized0__GB0, 
reg__8: ADCQuadDemodSerial__GC0, LOMixer__GU, LOMixer__1__GU, 
MulSumReg__parameterized54: FIRFilter__parameterized0__GB2, 
MulSumReg__parameterized6: ADCQuadDemodSerial__GC0, 
reg__14: ADCQuadDemodSerial__GC0, 
SerialTxFSM: ADCQuadDemodSerial__GC0, 
Reg2D__parameterized25: FIRFilter__parameterized0__GB1, 
case__24: ADCQuadDemodSerial__GC0, 
datapath__78: FIRFilter__parameterized0__GB1, 
Reg2D__parameterized2: ADCQuadDemodSerial__GC0, FIRFilter__parameterized0__GB4, 
Reg2D__parameterized28: FIRFilter__parameterized0__GB3, 
datapath__2: ADCQuadDemodSerial__GC0, 
reg__1: ADCQuadDemodSerial__GC0, 
case__68: ADCQuadDemodSerial__GC0, 
MulSumReg__parameterized14: FIRFilter__parameterized0__GB4, 
logic__118: ADCQuadDemodSerial__GC0, 
FIRFilter__parameterized0__GB0: FIRFilter__parameterized0__GB0, 
datapath__74: FIRFilter__parameterized0__GB2, 
case__9: ADCQuadDemodSerial__GC0, 
Reg2D__parameterized34: FIRFilter__parameterized0__GB3, 
logic__119: ADCQuadDemodSerial__GC0, 
logic__122: ADCQuadDemodSerial__GC0, 
MulSumReg__parameterized39: FIRFilter__parameterized0__GB2, 
case__16: ADCQuadDemodSerial__GC0, LOMixer__GU, LOMixer__1__GU, 
datapath__4: ADCQuadDemodSerial__GC0, 
MulSumReg__parameterized57: FIRFilter__parameterized0__GB1, 
Reg1D__parameterized12: ADCQuadDemodSerial__GC0, 
MulSumReg__parameterized51: FIRFilter__parameterized0__GB3, 
Reg2D__parameterized54: FIRFilter__parameterized0__GB0, 
Reg2D__parameterized21: FIRFilter__parameterized0__GB4, 
BitWidthCoupler: ADCQuadDemodSerial__GC0, 
MulSumReg__parameterized15: FIRFilter__parameterized0__GB4, 
datapath__36: FIRFilter__parameterized0__GB4, 
case__59: ADCQuadDemodSerial__GC0, 
case__7: ADCQuadDemodSerial__GC0, 
reg__5: ADCQuadDemodSerial__GC0, 
datapath__99: ADCQuadDemodSerial__GC0, 
MulSumReg__parameterized62: FIRFilter__parameterized0__GB0, 
datapath__63: FIRFilter__parameterized0__GB3, 
Reg2D__parameterized23: FIRFilter__parameterized0__GB2, 
case__39: ADCQuadDemodSerial__GC0, 
MulSumReg__parameterized29: FIRFilter__parameterized0__GB4, 
datapath__34: FIRFilter__parameterized0__GB4, 
reg__22: ADCQuadDemodSerial__GC0, 
Reg1D__parameterized0: ADCQuadDemodSerial__GC0, 
Reg2D__parameterized52: FIRFilter__parameterized0__GB0, 
datapath__93: FIRFilter__parameterized0__GB0, 
datapath__47: FIRFilter__parameterized0__GB4, 
case__69: ADCQuadDemodSerial__GC0, 
Reg2D: ADCQuadDemodSerial__GC0, FIRFilter__parameterized0__GB4, 
case: SimpleMMCM2, 
Reg2D__parameterized18: FIRFilter__parameterized0__GB4, 
Reg2D__parameterized42: FIRFilter__parameterized0__GB1, 
Reg1D__parameterized8: FIRFilter__parameterized0__GB4, FIRFilter__parameterized0__GB3, FIRFilter__parameterized0__GB2, FIRFilter__parameterized0__GB1, FIRFilter__parameterized0__GB0, 
MulSumReg__parameterized58: FIRFilter__parameterized0__GB1, 
case__6: ADCQuadDemodSerial__GC0, 
Reg2D__parameterized19: FIRFilter__parameterized0__GB4, 
datapath__31: LOMixer__GU, LOMixer__1__GU, 
FIRFilter__parameterized0__GB3: FIRFilter__parameterized0__GB3, 
case__25: ADCQuadDemodSerial__GC0, 
MulSumReg__parameterized46: FIRFilter__parameterized0__GB3, 
datapath__51: FIRFilter__parameterized0__GB4, 
datapath__83: FIRFilter__parameterized0__GB0, 
case__47: ADCQuadDemodSerial__GC0, 
MulSumReg__parameterized63: FIRFilter__parameterized0__GB0, 
case__10: ADCQuadDemodSerial__GC0, FIRFilter__parameterized0__GB4, FIRFilter__parameterized0__GB3, FIRFilter__parameterized0__GB2, FIRFilter__parameterized0__GB1, FIRFilter__parameterized0__GB0, 
MulSumReg__parameterized61: FIRFilter__parameterized0__GB1, 
datapath__67: FIRFilter__parameterized0__GB3, 
datapath__79: FIRFilter__parameterized0__GB1, 
datapath__104: ADCQuadDemodSerial__GC0, 
reg__21: ADCQuadDemodSerial__GC0, 
SquareWaveGenerator: LOMixer__GU, LOMixer__1__GU, 
datapath__30: ADCQuadDemodSerial__GC0, 
MulSumReg__parameterized25: FIRFilter__parameterized0__GB4, 
ADC1Bit: ADCQuadDemodSerial__GC0, 
LOMixer: LOMixer__1__GU, 
MulSumReg__parameterized50: FIRFilter__parameterized0__GB3, 
case__14: ADCQuadDemodSerial__GC0, LOMixer__GU, LOMixer__1__GU, 
datapath__45: FIRFilter__parameterized0__GB4, 
logic__5: ADCQuadDemodSerial__GC0, 
Synchronizer: SimpleMMCM2, 
MulSumReg__parameterized17: FIRFilter__parameterized0__GB4, 
PulseGenerator__parameterized3: ADCQuadDemodSerial__GC0, 
datapath__22: ADCQuadDemodSerial__GC0, 
case__1: SimpleMMCM2, 
case__28: ADCQuadDemodSerial__GC0, 
datapath__97: ADCQuadDemodSerial__GC0, 
case__78: ADCQuadDemodSerial__GC0, 
logic__17: ADCQuadDemodSerial__GC0, 
ShiftRightReg: ADCQuadDemodSerial__GC0, 
case__82: ADCQuadDemodSerial__GC0, 
Timer__parameterized0: ADCQuadDemodSerial__GC0, 
reg__23: ADCQuadDemodSerial__GC0, 
MulSumReg__parameterized48: FIRFilter__parameterized0__GB3, 
dsp48e1__1: ADCQuadDemodSerial__GC0, 
PulseGenerator__parameterized2: ADCQuadDemodSerial__GC0, 
MulSumReg__parameterized40: FIRFilter__parameterized0__GB2, 
logic__86: ADCQuadDemodSerial__GC0, 
MulSumReg__parameterized45: FIRFilter__parameterized0__GB3, 
Reg2D__parameterized48: FIRFilter__parameterized0__GB0, 
reg__4: ADCQuadDemodSerial__GC0, 
datapath__86: FIRFilter__parameterized0__GB0, 
datapath__61: FIRFilter__parameterized0__GB1, 
case__32: LOMixer__GU, LOMixer__1__GU, 
datapath__66: FIRFilter__parameterized0__GB3, 
logic__131: ADCQuadDemodSerial__GC0, 
datapath__6: ADCQuadDemodSerial__GC0, LOMixer__GU, LOMixer__1__GU, 
case__62: ADCQuadDemodSerial__GC0, 
datapath__102: ADCQuadDemodSerial__GC0, 
MulSumReg__parameterized10: ADCQuadDemodSerial__GC0, 
datapath__85: FIRFilter__parameterized0__GB0, 
datapath__54: FIRFilter__parameterized0__GB4, 
logic__159: ADCQuadDemodSerial__GC0, 
Reg2D__parameterized47: FIRFilter__parameterized0__GB0, 
reg__9: ADCQuadDemodSerial__GC0, LOMixer__GU, LOMixer__1__GU, 
MulSumReg__parameterized28: FIRFilter__parameterized0__GB4, 
datapath__111: ADCQuadDemodSerial__GC0, 
datapath__107: ADCQuadDemodSerial__GC0, 
reg__2: ADCQuadDemodSerial__GC0, 
MulSumReg__parameterized26: FIRFilter__parameterized0__GB4, 
logic__14: ADCQuadDemodSerial__GC0, 
MulSumReg__parameterized30: FIRFilter__parameterized0__GB4, 
MulSumReg__parameterized7: ADCQuadDemodSerial__GC0, 
MulSumReg__parameterized55: FIRFilter__parameterized0__GB2, 
datapath__9: ADCQuadDemodSerial__GC0, 
case__38: ADCQuadDemodSerial__GC0, 
Reg2D__parameterized33: FIRFilter__parameterized0__GB3, 
case__71: ADCQuadDemodSerial__GC0, 
Timer__parameterized2: ADCQuadDemodSerial__GC0, 
FIRFilterLP15tap: ADCQuadDemodSerial__GC0, 
Reg2D__parameterized40: FIRFilter__parameterized0__GB2, 
reg__15: ADCQuadDemodSerial__GC0, 
Reg2D__parameterized35: FIRFilter__parameterized0__GB3, 
logic__8: ADCQuadDemodSerial__GC0, 
Reg2D__parameterized4: ADCQuadDemodSerial__GC0, FIRFilter__parameterized0__GB4, 
Reg2D__parameterized10: ADCQuadDemodSerial__GC0, FIRFilter__parameterized0__GB4, 
MulSumReg__parameterized43: FIRFilter__parameterized0__GB3, 
datapath__5: ADCQuadDemodSerial__GC0, 
MulSumReg__parameterized2: ADCQuadDemodSerial__GC0, 
datapath__55: FIRFilter__parameterized0__GB4, 
case__3: ADCQuadDemodSerial__GC0, 
case__26: ADCQuadDemodSerial__GC0, 
logic__117: ADCQuadDemodSerial__GC0, 
datapath__28: ADCQuadDemodSerial__GC0, 
Reg2D__parameterized5: ADCQuadDemodSerial__GC0, FIRFilter__parameterized0__GB4, 
DifferenceAccumulator: ADCQuadDemodSerial__GC0, 
case__5: ADCQuadDemodSerial__GC0, 
Reg2D__parameterized14: FIRFilter__parameterized0__GB4, 
datapath__72: FIRFilter__parameterized0__GB2, 
case__23: ADCQuadDemodSerial__GC0, 
case__67: ADCQuadDemodSerial__GC0, 
datapath__26: ADCQuadDemodSerial__GC0, 
case__80: ADCQuadDemodSerial__GC0, 
MulSumReg__parameterized9: ADCQuadDemodSerial__GC0, 
datapath__81: FIRFilter__parameterized0__GB1, 
case__13: ADCQuadDemodSerial__GC0, LOMixer__GU, LOMixer__1__GU, 
ADCQuadDemodSerial__GC0: ADCQuadDemodSerial__GC0, 
Reg2D__parameterized15: FIRFilter__parameterized0__GB4, 
Reg2D__parameterized8: ADCQuadDemodSerial__GC0, FIRFilter__parameterized0__GB4, 
reg__28: ADCQuadDemodSerial__GC0, 
datapath__91: FIRFilter__parameterized0__GB0, 
reg__6: ADCQuadDemodSerial__GC0, FIRFilter__parameterized0__GB4, FIRFilter__parameterized0__GB3, FIRFilter__parameterized0__GB2, FIRFilter__parameterized0__GB1, FIRFilter__parameterized0__GB0, 
MulSumReg__parameterized67: FIRFilter__parameterized0__GB0, 
datapath__60: FIRFilter__parameterized0__GB2, 
Reg2D__parameterized1: ADCQuadDemodSerial__GC0, FIRFilter__parameterized0__GB4, 
FIRFilter__parameterized0__GB1: FIRFilter__parameterized0__GB1, 
logic__61: LOMixer__GU, LOMixer__1__GU, 
Reg1D__parameterized11: ADCQuadDemodSerial__GC0, 
case__58: ADCQuadDemodSerial__GC0, 
IntegerDensityModulator__parameterized0: ADCQuadDemodSerial__GC0, 
case__36: ADCQuadDemodSerial__GC0, 
PulseGenerator: ADCQuadDemodSerial__GC0, 
PulseGenerator__parameterized1: ADCQuadDemodSerial__GC0, 
IntegerDensityModulator__parameterized1: ADCQuadDemodSerial__GC0, 
FIRFilter__parameterized0__GB2: FIRFilter__parameterized0__GB2, 
MulSumReg__parameterized53: FIRFilter__parameterized0__GB2, 
reg__12: ADCQuadDemodSerial__GC0, 
logic__128: ADCQuadDemodSerial__GC0, 
MulSumReg__parameterized11: ADCQuadDemodSerial__GC0, 
datapath__58: FIRFilter__parameterized0__GB2, 
datapath__24: ADCQuadDemodSerial__GC0, 
Reg2D__parameterized6: ADCQuadDemodSerial__GC0, FIRFilter__parameterized0__GB4, 
MulSumReg__parameterized34: FIRFilter__parameterized0__GB4, 
Reg2D__parameterized51: FIRFilter__parameterized0__GB0, 
MulSumReg: ADCQuadDemodSerial__GC0, 
datapath: ADCQuadDemodSerial__GC0, 
MulSumReg__parameterized64: FIRFilter__parameterized0__GB0, 
Reg2D__parameterized46: FIRFilter__parameterized0__GB0, 
case__37: ADCQuadDemodSerial__GC0, 
Reg1D__parameterized6: ADCQuadDemodSerial__GC0, 
Reg2D__parameterized0: ADCQuadDemodSerial__GC0, FIRFilter__parameterized0__GB4, 
reg__3: ADCQuadDemodSerial__GC0, 
Reg2D__parameterized3: ADCQuadDemodSerial__GC0, FIRFilter__parameterized0__GB4, 
MulSumReg__parameterized27: FIRFilter__parameterized0__GB4, 
datapath__50: FIRFilter__parameterized0__GB4, 
reg__17: ADCQuadDemodSerial__GC0, 
reg__19: LOMixer__GU, LOMixer__1__GU, 
SimpleMMCM2: SimpleMMCM2, 
Reg1D__parameterized7: ADCQuadDemodSerial__GC0, 
MulSumReg__parameterized69: FIRFilter__parameterized0__GB0, 
MulSumReg__parameterized52: FIRFilter__parameterized0__GB2, 
MulSumReg__parameterized0: ADCQuadDemodSerial__GC0, 
datapath__3: ADCQuadDemodSerial__GC0, 
datapath__64: FIRFilter__parameterized0__GB3, 
Reg2D__parameterized29: FIRFilter__parameterized0__GB3, 
case__2: ADCQuadDemodSerial__GC0, 
Reg2D__parameterized38: FIRFilter__parameterized0__GB2, 
datapath__109: ADCQuadDemodSerial__GC0, 
logic__132: ADCQuadDemodSerial__GC0, 
datapath__112: ADCQuadDemodSerial__GC0, 
Reg2D__parameterized13: FIRFilter__parameterized0__GB4, 
Reg2D__parameterized31: FIRFilter__parameterized0__GB3, 
case__60: ADCQuadDemodSerial__GC0, 
MulSumReg__parameterized16: FIRFilter__parameterized0__GB4, 
datapath__20: ADCQuadDemodSerial__GC0, 
datapath__87: FIRFilter__parameterized0__GB0, 
datapath__70: FIRFilter__parameterized0__GB3, 
MulSumReg__parameterized47: FIRFilter__parameterized0__GB3, 
datapath__13: ADCQuadDemodSerial__GC0, 
MulSumReg__parameterized32: FIRFilter__parameterized0__GB4, 
datapath__110: ADCQuadDemodSerial__GC0, 
Reg2D__parameterized41: FIRFilter__parameterized0__GB1, 
case__63: ADCQuadDemodSerial__GC0, 
datapath__40: FIRFilter__parameterized0__GB4, 
MulSumReg__parameterized23: FIRFilter__parameterized0__GB4, 
Timer: ADCQuadDemodSerial__GC0, 
MulSumReg__parameterized19: FIRFilter__parameterized0__GB4, 
FIRFilter__parameterized0__GB4: FIRFilter__parameterized0__GB4, 
Reg2D__parameterized12: ADCQuadDemodSerial__GC0, FIRFilter__parameterized0__GB4, 
reg__10: ADCQuadDemodSerial__GC0, 
MulSumReg__parameterized36: FIRFilter__parameterized0__GB4, 
PulseGenerator__parameterized0: ADCQuadDemodSerial__GC0, 
Reg2D__parameterized20: FIRFilter__parameterized0__GB4, 
Reg1D__parameterized2: ADCQuadDemodSerial__GC0, LOMixer__GU, LOMixer__1__GU, 
Reg1D__parameterized10: ADCQuadDemodSerial__GC0, 
MulSumReg__parameterized74: FIRFilter__parameterized0__GB0, 
logic__32: ADCQuadDemodSerial__GC0, 
datapath__69: FIRFilter__parameterized0__GB3, 
Reg1DSymbols__parameterized0: ADCQuadDemodSerial__GC0, 
Reg2D__parameterized44: FIRFilter__parameterized0__GB1, 
MulSumReg__parameterized59: FIRFilter__parameterized0__GB1, 
datapath__77: FIRFilter__parameterized0__GB1, 
MulSumReg__parameterized12: ADCQuadDemodSerial__GC0, 
MulReg: ADCQuadDemodSerial__GC0, 
case__18: ADCQuadDemodSerial__GC0, LOMixer__GU, FIRFilter__parameterized0__GB4, LOMixer__1__GU, 
datapath__33: LOMixer__GU, LOMixer__1__GU, 
case__44: ADCQuadDemodSerial__GC0, 
MulSumReg__parameterized76: FIRFilter__parameterized0__GB4, 
case__8: ADCQuadDemodSerial__GC0, 
Reg2D__parameterized49: FIRFilter__parameterized0__GB0, 
datapath__23: ADCQuadDemodSerial__GC0, 
datapath__17: ADCQuadDemodSerial__GC0, 
datapath__94: FIRFilter__parameterized0__GB0, 
logic__23: ADCQuadDemodSerial__GC0, LOMixer__GU, LOMixer__1__GU, 
datapath__19: ADCQuadDemodSerial__GC0, 
MulSumReg__parameterized68: FIRFilter__parameterized0__GB0, 
case__12: ADCQuadDemodSerial__GC0, LOMixer__GU, LOMixer__1__GU, 
datapath__53: FIRFilter__parameterized0__GB4, 
logic__48: ADCQuadDemodSerial__GC0, 
logic__26: ADCQuadDemodSerial__GC0, LOMixer__GU, LOMixer__1__GU, 
Reg1D__parameterized3: ADCQuadDemodSerial__GC0, LOMixer__GU, FIRFilter__parameterized0__GB4, LOMixer__1__GU, 
MulComplex: ADCQuadDemodSerial__GC0, 
datapath__48: FIRFilter__parameterized0__GB4, 
MulSumReg__parameterized5: ADCQuadDemodSerial__GC0, 
datapath__44: FIRFilter__parameterized0__GB4, 
Reg2D__parameterized57: FIRFilter__parameterized0__GB0, 
case__27: ADCQuadDemodSerial__GC0, 
datapath__11: ADCQuadDemodSerial__GC0, 
logic__123: ADCQuadDemodSerial__GC0, 
case__34: FIRFilter__parameterized0__GB4, FIRFilter__parameterized0__GB3, FIRFilter__parameterized0__GB2, FIRFilter__parameterized0__GB1, FIRFilter__parameterized0__GB0, 
Multiplier: ADCQuadDemodSerial__GC0, FIRFilter__parameterized0__GB4, FIRFilter__parameterized0__GB3, FIRFilter__parameterized0__GB2, FIRFilter__parameterized0__GB1, FIRFilter__parameterized0__GB0, 
MulSumReg__parameterized33: FIRFilter__parameterized0__GB4, 
Reg2D__parameterized27: FIRFilter__parameterized0__GB3, 
MulSumReg__parameterized3: ADCQuadDemodSerial__GC0, 
Timer__parameterized3: ADCQuadDemodSerial__GC0, 
datapath__38: FIRFilter__parameterized0__GB4, 
Reg1D__parameterized5: ADCQuadDemodSerial__GC0, FIRFilter__parameterized0__GB4, FIRFilter__parameterized0__GB3, FIRFilter__parameterized0__GB2, FIRFilter__parameterized0__GB1, FIRFilter__parameterized0__GB0, 
Reg2D__parameterized55: FIRFilter__parameterized0__GB0, 
Reg2D__parameterized24: FIRFilter__parameterized0__GB2, 
logic__13: ADCQuadDemodSerial__GC0, 
MulSumReg__parameterized73: FIRFilter__parameterized0__GB0, 
reg__25: ADCQuadDemodSerial__GC0, 
BitWidthCoupler__parameterized0: ADCQuadDemodSerial__GC0, 
datapath__84: FIRFilter__parameterized0__GB0, 
case__57: ADCQuadDemodSerial__GC0, 
MulSumReg__parameterized42: FIRFilter__parameterized0__GB3, 
reg__18: LOMixer__GU, LOMixer__1__GU, 
datapath__95: FIRFilter__parameterized0__GB0, 
MulSumReg__parameterized65: FIRFilter__parameterized0__GB0, 
Reg2D__parameterized32: FIRFilter__parameterized0__GB3, 
reg__30: ADCQuadDemodSerial__GC0, 
MulSumReg__parameterized8: ADCQuadDemodSerial__GC0, 
Reg2D__parameterized26: FIRFilter__parameterized0__GB3, 
datapath__103: ADCQuadDemodSerial__GC0, 
case__61: ADCQuadDemodSerial__GC0, 
MulSumReg__parameterized24: FIRFilter__parameterized0__GB4, 
FIRFilter: ADCQuadDemodSerial__GC0, 
DifferenceAccumulator__parameterized0: ADCQuadDemodSerial__GC0, 
Reg2D__parameterized17: FIRFilter__parameterized0__GB4, 
datapath__27: ADCQuadDemodSerial__GC0, 
datapath__39: FIRFilter__parameterized0__GB4, 
case__42: ADCQuadDemodSerial__GC0, 
case__66: ADCQuadDemodSerial__GC0, 
Reg2D__parameterized53: FIRFilter__parameterized0__GB0, 
Reg1D__parameterized1: ADCQuadDemodSerial__GC0, FIRFilter__parameterized0__GB4, FIRFilter__parameterized0__GB3, FIRFilter__parameterized0__GB2, FIRFilter__parameterized0__GB1, FIRFilter__parameterized0__GB0, 
datapath__73: FIRFilter__parameterized0__GB2, 
BitWidthCoupler__parameterized3: ADCQuadDemodSerial__GC0, 
datapath__65: FIRFilter__parameterized0__GB3, 
datapath__35: FIRFilter__parameterized0__GB4, 
datapath__71: FIRFilter__parameterized0__GB3, 
MulSumReg__parameterized49: FIRFilter__parameterized0__GB3, 
Reg1D__parameterized4: ADCQuadDemodSerial__GC0, 
MulSumReg__parameterized38: FIRFilter__parameterized0__GB2, 
datapath__32: LOMixer__GU, LOMixer__1__GU, 
Reg2D__parameterized43: FIRFilter__parameterized0__GB1, 
reg__29: ADCQuadDemodSerial__GC0, 
MulSumReg__parameterized44: FIRFilter__parameterized0__GB3, 
Reg2D__parameterized58: FIRFilter__parameterized0__GB0, 
logic__79: ADCQuadDemodSerial__GC0, 
Reg2D__parameterized22: FIRFilter__parameterized0__GB2, 
reg__24: ADCQuadDemodSerial__GC0, 
dsp48e1: ADCQuadDemodSerial__GC0, FIRFilter__parameterized0__GB4, FIRFilter__parameterized0__GB3, FIRFilter__parameterized0__GB2, FIRFilter__parameterized0__GB1, FIRFilter__parameterized0__GB0, 
logic: SimpleMMCM2, 
MulSumReg__parameterized22: FIRFilter__parameterized0__GB4, 
datapath__101: ADCQuadDemodSerial__GC0, 
datapath__68: FIRFilter__parameterized0__GB3, 
MulSumReg__parameterized18: FIRFilter__parameterized0__GB4, 
datapath__80: FIRFilter__parameterized0__GB1, 
datapath__41: FIRFilter__parameterized0__GB4, 
datapath__88: FIRFilter__parameterized0__GB0, 
logic__22: ADCQuadDemodSerial__GC0, 
case__70: ADCQuadDemodSerial__GC0, 
datapath__49: FIRFilter__parameterized0__GB4, 
reg__16: ADCQuadDemodSerial__GC0, 
logic__62: LOMixer__GU, LOMixer__1__GU, 
Reg2D__parameterized45: FIRFilter__parameterized0__GB1, 
reg: SimpleMMCM2, 
Reg1D: SimpleMMCM2, 
case__65: ADCQuadDemodSerial__GC0, 
datapath__59: FIRFilter__parameterized0__GB2, 
case__33: LOMixer__GU, LOMixer__1__GU, 
datapath__46: FIRFilter__parameterized0__GB4, 
case__46: ADCQuadDemodSerial__GC0, 
Reg2D__parameterized39: FIRFilter__parameterized0__GB2, 
InstantaneousFrequency: ADCQuadDemodSerial__GC0, 
Reg2D__parameterized9: ADCQuadDemodSerial__GC0, FIRFilter__parameterized0__GB4, 
reg__20: FIRFilter__parameterized0__GB4, FIRFilter__parameterized0__GB3, FIRFilter__parameterized0__GB2, FIRFilter__parameterized0__GB1, FIRFilter__parameterized0__GB0, 
logic__63: LOMixer__GU, LOMixer__1__GU, 
datapath__16: ADCQuadDemodSerial__GC0, 
datapath__100: ADCQuadDemodSerial__GC0, 
datapath__18: ADCQuadDemodSerial__GC0, 
datapath__62: FIRFilter__parameterized0__GB3, 
MulSumReg__parameterized37: FIRFilter__parameterized0__GB4, 
datapath__108: ADCQuadDemodSerial__GC0, 
case__11: ADCQuadDemodSerial__GC0, FIRFilter__parameterized0__GB4, FIRFilter__parameterized0__GB3, FIRFilter__parameterized0__GB2, FIRFilter__parameterized0__GB1, FIRFilter__parameterized0__GB0, 
ShiftRightReg__parameterized0: ADCQuadDemodSerial__GC0, 
datapath__37: FIRFilter__parameterized0__GB4, 
datapath__52: FIRFilter__parameterized0__GB4, 
Reg2D__parameterized59: FIRFilter__parameterized0__GB0, 
datapath__15: ADCQuadDemodSerial__GC0, 
datapath__106: ADCQuadDemodSerial__GC0, 
case__4: ADCQuadDemodSerial__GC0, 
Reg1D__parameterized9: ADCQuadDemodSerial__GC0, 
logic__45: ADCQuadDemodSerial__GC0, 
datapath__1: ADCQuadDemodSerial__GC0, 
MulSumReg__parameterized72: FIRFilter__parameterized0__GB0, 
BitWidthCoupler__parameterized4: ADCQuadDemodSerial__GC0, 
case__35: FIRFilter__parameterized0__GB4, FIRFilter__parameterized0__GB3, FIRFilter__parameterized0__GB2, FIRFilter__parameterized0__GB1, FIRFilter__parameterized0__GB0, 
Reg2D__parameterized7: ADCQuadDemodSerial__GC0, FIRFilter__parameterized0__GB4, 
datapath__57: FIRFilter__parameterized0__GB4, 
datapath__98: ADCQuadDemodSerial__GC0, 
Reg2D__parameterized37: FIRFilter__parameterized0__GB2, 
case__41: ADCQuadDemodSerial__GC0, 
case__64: ADCQuadDemodSerial__GC0, 
datapath__25: ADCQuadDemodSerial__GC0, 
MulSumReg__parameterized60: FIRFilter__parameterized0__GB1, 
reg__13: ADCQuadDemodSerial__GC0, FIRFilter__parameterized0__GB4, FIRFilter__parameterized0__GB3, FIRFilter__parameterized0__GB2, FIRFilter__parameterized0__GB1, FIRFilter__parameterized0__GB0, 
MulSumReg__parameterized71: FIRFilter__parameterized0__GB0, 
case__31: LOMixer__GU, LOMixer__1__GU, 
MulSumReg__parameterized70: FIRFilter__parameterized0__GB0, 
Reg2D__parameterized56: FIRFilter__parameterized0__GB0, 
SerialTx: ADCQuadDemodSerial__GC0, 
datapath__90: FIRFilter__parameterized0__GB0, 
reg__11: ADCQuadDemodSerial__GC0, LOMixer__GU, FIRFilter__parameterized0__GB4, LOMixer__1__GU, 
case__15: ADCQuadDemodSerial__GC0, LOMixer__GU, LOMixer__1__GU, 
Reg2D__parameterized50: FIRFilter__parameterized0__GB0, 
datapath__76: FIRFilter__parameterized0__GB2, 
datapath__21: ADCQuadDemodSerial__GC0, 
datapath__92: FIRFilter__parameterized0__GB0, 
datapath__105: ADCQuadDemodSerial__GC0, 
MulSumReg__parameterized66: FIRFilter__parameterized0__GB0, 
datapath__56: FIRFilter__parameterized0__GB4, 
logic__58: ADCQuadDemodSerial__GC0, 
case__19: ADCQuadDemodSerial__GC0, 
Timer__parameterized1: ADCQuadDemodSerial__GC0, LOMixer__GU, LOMixer__1__GU, 
PacketTxFSM: ADCQuadDemodSerial__GC0, 
PacketTx: ADCQuadDemodSerial__GC0, 
logic__31: ADCQuadDemodSerial__GC0, 
case__45: ADCQuadDemodSerial__GC0, 
LOMixer__GU: LOMixer__GU, 
case__21: ADCQuadDemodSerial__GC0, FIRFilter__parameterized0__GB4, FIRFilter__parameterized0__GB3, FIRFilter__parameterized0__GB2, FIRFilter__parameterized0__GB1, FIRFilter__parameterized0__GB0, 
MulSumReg__parameterized21: FIRFilter__parameterized0__GB4, 
Reg2D__parameterized60: FIRFilter__parameterized0__GB4, 
MulSumReg__parameterized4: ADCQuadDemodSerial__GC0, 
datapath__10: ADCQuadDemodSerial__GC0, 
datapath__43: FIRFilter__parameterized0__GB4, 
DifferenceAccumulator__parameterized1: ADCQuadDemodSerial__GC0, 
datapath__96: FIRFilter__parameterized0__GB4, 
Reg2D__parameterized11: ADCQuadDemodSerial__GC0, FIRFilter__parameterized0__GB4, 
case__30: LOMixer__GU, LOMixer__1__GU, 
MulSumReg__parameterized56: FIRFilter__parameterized0__GB2, 
datapath__29: ADCQuadDemodSerial__GC0, 
MulSumReg__parameterized20: FIRFilter__parameterized0__GB4, 
datapath__82: FIRFilter__parameterized0__GB0, 
